[webconcepts.info/index.html]
[backblue.gif]
[fade.gif]
[index.html]
[webconcepts.info/favicon-32x32.png]
[webconcepts.info/favicon-16x16.png]
[webconcepts.info/css/main.css]
[webconcepts.info/forkme.png]
[webconcepts.info/JSON.html]
[webconcepts.info/forking.html]
[webconcepts.info/history.html]
[webconcepts.info/concepts/index.html]
[webconcepts.info/specs/IETF/RFC/7234.html]
[webconcepts.info/specs/index.html]
[webconcepts.info/update/2018/04/26/web-concepts-www2018.html]
[webconcepts.info/concepts.json]
[webconcepts.info/specs.json]
[webconcepts.info/transform.xsl]
[webconcepts.info/update/2024/01/26/webhooks.html]
[webconcepts.info/update/2021/01/30/https.html]
[webconcepts.info/update/2019/06/03/web-concepts-representation.html]
[webconcepts.info/update/2018/05/09/web-concepts-craft2018.html]
[webconcepts.info/history-2.html]
[webconcepts.info/feed.xml]
[webconcepts.info/index.html]
[webconcepts.info/css/main.css]
[webconcepts.info/concepts/index.html]
[webconcepts.info/specs/index.html]
[webconcepts.info/concepts/http-authentication-scheme/index.html]
[webconcepts.info/concepts/http-cache-directive/index.html]
[webconcepts.info/specs.xml]
[webconcepts.info/concepts/http-content-coding/index.html]
[webconcepts.info/concepts/http-dig-alg/index.html]
[webconcepts.info/concepts.xml]
[webconcepts.info/JSON-specs.html]
[webconcepts.info/JSON.html]
[webconcepts.info/JSON-concepts.html]
[webconcepts.info/concepts/http-forwarded-parameter/index.html]
[webconcepts.info/LICENSE.md]
[webconcepts.info/concepts/http-header/index.html]
[webconcepts.info/removing.html]
[webconcepts.info/adding.html]
[webconcepts.info/concepts/http-preference/index.html]
[webconcepts.info/forking.html]
[webconcepts.info/building.html]
[webconcepts.info/concepts/http-range-unit/index.html]
[webconcepts.info/update/2018/03/28/adding-http2-frame-types.html]
[webconcepts.info/update/2017/10/11/adding-xml-namespaces-schemas.html]
[webconcepts.info/concepts/http-method/index.html]
[webconcepts.info/update/2017/09/18/anniversary.html]
[webconcepts.info/update/2017/07/02/adding-http-warn-codes.html]
[webconcepts.info/update/2017/04/24/minor-refactor.html]
[webconcepts.info/update/2017/01/01/JSON-documentation.html]
[webconcepts.info/concepts/http-status-code/index.html]
[webconcepts.info/update/2016/12/15/hackable-concept-URIs.html]
[webconcepts.info/update/2016/11/14/adding-structured-syntax-suffixes.html]
[webconcepts.info/update/2016/10/16/adding-http-auth-schemes.html]
[webconcepts.info/concepts/http-transfer-coding/index.html]
[webconcepts.info/update/2016/10/15/adding-oauth.html]
[webconcepts.info/update/2016/09/26/web-concept-identifiers.html]
[webconcepts.info/update/2016/09/22/JSON-refactoring.html]
[webconcepts.info/update/2016/09/17/concept-JSON.html]
[webconcepts.info/update/2016/09/16/RESTfest-launch.html]
[webconcepts.info/concepts/http-warn-code/index.html]
[webconcepts.info/update/2016/09/08/adding-urn-namespaces.html]
[webconcepts.info/update/2016/09/04/json-specs.html]
[webconcepts.info/concepts/http2-frame-type/index.html]
[webconcepts.info/update/2016/09/03/adding-jwt-concepts.html]
[webconcepts.info/concepts/http-hash-alg/index.html]
[webconcepts.info/update/2016/09/02/json-concepts.html]
[webconcepts.info/update/2016/08/16/nothing-changed.html]
[webconcepts.info/update/2016/08/08/adding-uri-schemes-and-http-transfer-codings.html]
[webconcepts.info/update/2016/08/04/adding-preferences-and-forwarded-parameters.html]
[webconcepts.info/concepts/jwt-claim/index.html]
[webconcepts.info/update/2016/08/03/adding-well-known-uris.html]
[webconcepts.info/update/2016/08/01/adding-range-units.html]
[webconcepts.info/update/2016/07/30/adding-jcp-jsr.html]
[webconcepts.info/update/2016/07/29/adding-content-codings.html]
[webconcepts.info/concepts/jwt-confirmation-method/index.html]
[webconcepts.info/update/2016/07/22/soft-launch.html]
[webconcepts.info/update/2016/07/18/starting-webconcepts.html]
[webconcepts.info/history.html]
[webconcepts.info/concepts/link-relation/index.html]
[webconcepts.info/specs/IETF/RFC/7234-2.html]
[webconcepts.info/concepts/http-cache-directive/max-age.html]
[webconcepts.info/concepts/media-type/index.html]
[webconcepts.info/concepts/http-cache-directive/max-stale.html]
[webconcepts.info/concepts/http-cache-directive/min-fresh.html]
[webconcepts.info/concepts/http-cache-directive/must-revalidate.html]
[webconcepts.info/concepts/http-cache-directive/no-cache.html]
[webconcepts.info/concepts/http-cache-directive/no-store.html]
[webconcepts.info/concepts/oauth-access-token-type/index.html]
[webconcepts.info/concepts/oauth-authorization-endpoint-response-type/index.html]
[webconcepts.info/concepts/http-cache-directive/no-transform.html]
[webconcepts.info/concepts/oauth-client-metadata/index.html]
[webconcepts.info/concepts/http-cache-directive/only-if-cached.html]
[webconcepts.info/concepts/oauth-extension-error/index.html]
[webconcepts.info/concepts/http-cache-directive/private.html]
[webconcepts.info/concepts/oauth-parameter/index.html]
[webconcepts.info/concepts/http-cache-directive/proxy-revalidate.html]
[webconcepts.info/concepts/oauth-token-endpoint-auth-method/index.html]
[webconcepts.info/concepts/http-cache-directive/public.html]
[webconcepts.info/concepts/oauth-token-introspection-response/index.html]
[webconcepts.info/concepts/http-cache-directive/s-maxage.html]
[webconcepts.info/concepts/http-header/Age.html]
[webconcepts.info/concepts/http-header/Cache-Control.html]
[webconcepts.info/concepts/oauth-token-type-hint/index.html]
[webconcepts.info/concepts/http-header/Expires.html]
[webconcepts.info/concepts/http-header/Pragma.html]
[webconcepts.info/concepts/http-header/Warning.html]
[webconcepts.info/concepts/http-warn-code/110.html]
[webconcepts.info/concepts/oauth-uri/index.html]
[webconcepts.info/concepts/http-warn-code/111.html]
[webconcepts.info/concepts/http-warn-code/112.html]
[webconcepts.info/concepts/http-warn-code/113.html]
[webconcepts.info/concepts/http-warn-code/199.html]
[webconcepts.info/concepts/http-warn-code/214.html]
[webconcepts.info/concepts/pkce-code-challenge-method/index.html]
[webconcepts.info/concepts/http-warn-code/299.html]
[webconcepts.info/specs/IETF/RFC/7234.html]
[webconcepts.info/update/2018/04/26/web-concepts-www2018.html]
[webconcepts.info/update/2024/01/26/webhooks.html]
[webconcepts.info/concepts/structured-syntax-suffix/index.html]
[webconcepts.info/concepts/uri-scheme/index.html]
[webconcepts.info/concepts/profile-uri/index.html]
[webconcepts.info/concepts/urn-namespace/index.html]
[webconcepts.info/update/2021/01/30/https.html]
[webconcepts.info/concepts/well-known-uri/index.html]
[webconcepts.info/concepts/xml-ns/index.html]
[webconcepts.info/concepts/xml-schema/index.html]
[webconcepts.info/specs/ISO/index.html]
[webconcepts.info/update/2019/06/03/web-concepts-representation.html]
[webconcepts.info/specs/ISO/IEC/index.html]
[webconcepts.info/specs/IETF/index.html]
[webconcepts.info/specs/IETF/I-D/index.html]
[webconcepts.info/specs/IETF/RFC/index.html]
[webconcepts.info/specs/JCP/index.html]
[webconcepts.info/specs/JCP/JSR/index.html]
[webconcepts.info/specs/OASIS/index.html]
[webconcepts.info/specs/OASIS/standard/index.html]
[webconcepts.info/update/2018/05/09/web-concepts-craft2018.html]
[webconcepts.info/specs/Webhook/index.html]
[webconcepts.info/specs/W3C/TR/index.html]
[webconcepts.info/specs/Webhook/standard/index.html]
[webconcepts.info/specs/W3C/index.html]
[webconcepts.info/history-2.html]
[webconcepts.info/feed.html]
[webconcepts.info/src/specs/index.html]
[webconcepts.info/concepts/http-authentication-scheme/index.html]
[webconcepts.info/concepts/http-cache-directive/index.html]
[webconcepts.info/concepts/http-content-coding/index.html]
[webconcepts.info/concepts/http-dig-alg/index.html]
[webconcepts.info/concepts/http-forwarded-parameter/index.html]
[webconcepts.info/concepts/http-header/index.html]
[webconcepts.info/concepts/http-preference/index.html]
[webconcepts.info/concepts/http-range-unit/index.html]
[webconcepts.info/concepts/http-method/index.html]
[webconcepts.info/concepts/http-status-code/index.html]
[webconcepts.info/concepts/http-transfer-coding/index.html]
[webconcepts.info/concepts/http-warn-code/index.html]
[webconcepts.info/concepts/http2-frame-type/index.html]
[webconcepts.info/concepts/http-hash-alg/index.html]
[webconcepts.info/concepts/jwt-claim/index.html]
[webconcepts.info/concepts/jwt-confirmation-method/index.html]
[webconcepts.info/concepts/link-relation/index.html]
[webconcepts.info/concepts/media-type/index.html]
[webconcepts.info/concepts/oauth-access-token-type/index.html]
[webconcepts.info/concepts/oauth-authorization-endpoint-response-type/index.html]
[webconcepts.info/concepts/oauth-client-metadata/index.html]
[webconcepts.info/concepts/oauth-extension-error/index.html]
[webconcepts.info/concepts/oauth-parameter/index.html]
[webconcepts.info/concepts/oauth-token-endpoint-auth-method/index.html]
[webconcepts.info/concepts/oauth-token-introspection-response/index.html]
[webconcepts.info/concepts/oauth-token-type-hint/index.html]
[webconcepts.info/concepts/oauth-uri/index.html]
[webconcepts.info/concepts/pkce-code-challenge-method/index.html]
[webconcepts.info/concepts/profile-uri/index.html]
[webconcepts.info/concepts/structured-syntax-suffix/index.html]
[webconcepts.info/concepts/uri-scheme/index.html]
[webconcepts.info/concepts/urn-namespace/index.html]
[webconcepts.info/concepts/well-known-uri/index.html]
[webconcepts.info/concepts/xml-ns/index.html]
[webconcepts.info/concepts/xml-schema/index.html]
[webconcepts.info/specs/ISO/index.html]
[webconcepts.info/specs/ISO/IEC/index.html]
[webconcepts.info/specs/IETF/index.html]
[webconcepts.info/specs/IETF/I-D/index.html]
[webconcepts.info/specs/IETF/RFC/index.html]
[webconcepts.info/specs/JCP/index.html]
[webconcepts.info/specs/JCP/JSR/index.html]
[webconcepts.info/specs/OASIS/index.html]
[webconcepts.info/specs/OASIS/standard/index.html]
[webconcepts.info/specs/Webhook/index.html]
[webconcepts.info/specs/Webhook/standard/index.html]
[webconcepts.info/specs/W3C/index.html]
[webconcepts.info/specs/W3C/TR/index.html]
[webconcepts.info/JSON-specs.html]
[webconcepts.info/JSON-concepts.html]
[webconcepts.info/src/specs/index.html]
[webconcepts.info/removing.html]
[webconcepts.info/adding.html]
[webconcepts.info/building.html]
[webconcepts.info/update/2018/03/28/adding-http2-frame-types.html]
[webconcepts.info/update/2017/10/11/adding-xml-namespaces-schemas.html]
[webconcepts.info/update/2017/09/18/anniversary.html]
[webconcepts.info/update/2017/07/02/adding-http-warn-codes.html]
[webconcepts.info/update/2017/04/24/minor-refactor.html]
[webconcepts.info/update/2017/01/01/JSON-documentation.html]
[webconcepts.info/update/2016/12/15/hackable-concept-URIs.html]
[webconcepts.info/update/2016/11/14/adding-structured-syntax-suffixes.html]
[webconcepts.info/update/2016/10/16/adding-http-auth-schemes.html]
[webconcepts.info/update/2016/10/15/adding-oauth.html]
[webconcepts.info/update/2016/09/26/web-concept-identifiers.html]
[webconcepts.info/update/2016/09/22/JSON-refactoring.html]
[webconcepts.info/update/2016/09/17/concept-JSON.html]
[webconcepts.info/update/2016/09/16/RESTfest-launch.html]
[webconcepts.info/update/2016/09/08/adding-urn-namespaces.html]
[webconcepts.info/update/2016/09/04/json-specs.html]
[webconcepts.info/update/2016/09/03/adding-jwt-concepts.html]
[webconcepts.info/update/2016/09/02/json-concepts.html]
[webconcepts.info/update/2016/08/16/nothing-changed.html]
[webconcepts.info/update/2016/08/08/adding-uri-schemes-and-http-transfer-codings.html]
[webconcepts.info/update/2016/08/04/adding-preferences-and-forwarded-parameters.html]
[webconcepts.info/update/2016/08/03/adding-well-known-uris.html]
[webconcepts.info/update/2016/08/01/adding-range-units.html]
[webconcepts.info/update/2016/07/30/adding-jcp-jsr.html]
[webconcepts.info/update/2016/07/29/adding-content-codings.html]
[webconcepts.info/update/2016/07/22/soft-launch.html]
[webconcepts.info/update/2016/07/18/starting-webconcepts.html]
[webconcepts.info/specs/IETF/RFC/7234-2.html]
[webconcepts.info/concepts/http-cache-directive/max-age.html]
[webconcepts.info/concepts/http-cache-directive/max-stale.html]
[webconcepts.info/concepts/http-cache-directive/min-fresh.html]
[webconcepts.info/concepts/http-cache-directive/must-revalidate.html]
[webconcepts.info/concepts/http-cache-directive/no-cache.html]
[webconcepts.info/concepts/http-cache-directive/no-store.html]
[webconcepts.info/concepts/http-cache-directive/no-transform.html]
[webconcepts.info/concepts/http-cache-directive/only-if-cached.html]
[webconcepts.info/concepts/http-cache-directive/private.html]
[webconcepts.info/concepts/http-cache-directive/proxy-revalidate.html]
[webconcepts.info/concepts/http-cache-directive/public.html]
[webconcepts.info/concepts/http-cache-directive/s-maxage.html]
[webconcepts.info/concepts/http-header/Age.html]
[webconcepts.info/concepts/http-header/Cache-Control.html]
[webconcepts.info/concepts/http-header/Expires.html]
[webconcepts.info/concepts/http-header/Pragma.html]
[webconcepts.info/concepts/http-header/Warning.html]
[webconcepts.info/concepts/http-warn-code/110.html]
[webconcepts.info/concepts/http-warn-code/111.html]
[webconcepts.info/concepts/http-warn-code/112.html]
[webconcepts.info/concepts/http-warn-code/113.html]
[webconcepts.info/concepts/http-warn-code/199.html]
[webconcepts.info/concepts/http-warn-code/214.html]
[webconcepts.info/concepts/http-warn-code/299.html]
