[apistylebook.com/index.html]
[backblue.gif]
[fade.gif]
[index.html]
[apistylebook.com/images/favicons/favicon.png]
[apistylebook.com/images/favicons/favicon.ico]
[apistylebook.com/css/bootstrap.min.css]
[apistylebook.com/css/bootstrap-toc.min.css]
[apistylebook.com/css/font-awesome.min.css]
[apistylebook.com/css/main.css]
[apistylebook.com/feed.xml]
[apistylebook.com/js/jquery.min.js]
[apistylebook.com/js/bootstrap.min.js]
[apistylebook.com/js/bootstrap-toc.min.js]
[apistylebook.com/js/fingerprint2.min.js]
[www.google-analytics.com/analytics.js]
[apistylebook.com/design/topics/http-status-standard-error.html]
[apistylebook.com/design/guidelines/index.html]
[apistylebook.com/index.html]
[apistylebook.com/design/guidelines/microsoft-rest-api-guidelines.html]
[apistylebook.com/design/topics/index.html]
[apistylebook.com/blog/index.html]
[apistylebook.com/fonts/glyphicons-halflings-regular.eot]
[apistylebook.com/about/index.html]
[apistylebook.com/fonts/glyphicons-halflings-regulard41d.eot]
[apistylebook.com/fonts/glyphicons-halflings-regular.woff2]
[apistylebook.com/fonts/glyphicons-halflings-regular.woff]
[apistylebook.com/fonts/glyphicons-halflings-regular.ttf]
[apistylebook.com/css/bootstrap.min.css]
[apistylebook.com/css/bootstrap-toc.min.css]
[apistylebook.com/fonts/glyphicons-halflings-regular.svg]
[apistylebook.com/fonts/fontawesome-webfont5b62.eot]
[apistylebook.com/fonts/fontawesome-webfontd41d.eot]
[apistylebook.com/fonts/fontawesome-webfont5b62.woff2]
[apistylebook.com/fonts/fontawesome-webfont5b62.woff]
[apistylebook.com/fonts/fontawesome-webfont5b62.ttf]
[apistylebook.com/css/font-awesome.min.css]
[apistylebook.com/fonts/fontawesome-webfont5b62.svg]
[apistylebook.com/images/blueprints-textures.png]
[apistylebook.com/css/main.css]
[apistylebook.com/media/screenshots/agid-interoperability-model.png]
[apistylebook.com/design/guidelines/italian-public-administration.html]
[apistylebook.com/media/screenshots/atlassian-rest-api-design-guidelines-version-1.png]
[apistylebook.com/design/guidelines/atlassian-rest-api-design-guidelines-version-1.html]
[apistylebook.com/media/screenshots/atlassian-rest-api-policy.png]
[apistylebook.com/design/guidelines/atlassian-rest-api-policy.html]
[apistylebook.com/media/screenshots/ausdto-api-design-guide.png]
[apistylebook.com/design/guidelines/ausdto-api-design-guide.html]
[apistylebook.com/media/screenshots/cisco-api-design-guide.png]
[apistylebook.com/design/guidelines/cisco-api-design-guide.html]
[apistylebook.com/media/screenshots/cloud-foundy-cloud-controller-api-style-guide.png]
[apistylebook.com/design/guidelines/cloud-foundy-cloud-controller-api-style-guide.html]
[apistylebook.com/media/screenshots/deliveroo-api-design-guidelines.png]
[apistylebook.com/design/guidelines/deliveroo-api-design-guidelines.html]
[apistylebook.com/media/screenshots/google-api-design-guide.png]
[apistylebook.com/design/guidelines/google-api-design-guide.html]
[apistylebook.com/media/screenshots/haufe-api-styleguide.png]
[apistylebook.com/design/guidelines/haufe-api-styleguide.html]
[apistylebook.com/media/screenshots/heroku-http-api-design-guide.png]
[apistylebook.com/design/guidelines/heroku-http-api-design-guide.html]
[apistylebook.com/media/screenshots/microsoft-rest-api-guidelines.png]
[apistylebook.com/media/screenshots/paypal-api-style-guide.png]
[apistylebook.com/design/guidelines/paypal-api-style-guide.html]
[apistylebook.com/media/screenshots/redhat-thoughts-on-restful-api-design.png]
[apistylebook.com/design/guidelines/redhat-thoughts-on-restful-api-design.html]
[apistylebook.com/media/screenshots/white-house-web-api-standards.png]
[apistylebook.com/design/guidelines/white-house-web-api-standards.html]
[apistylebook.com/media/screenshots/zalando-restful-api-guidelines.png]
[apistylebook.com/design/guidelines/zalando-restful-api-guidelines.html]
[apistylebook.com/media/screenshots/adidas-api-design-guidelines.png]
[apistylebook.com/design/guidelines/index.html]
[apistylebook.com/design/guidelines/adidas-api-design-guidelines.html]
[apistylebook.com/design/topics/api-counts.html]
[apistylebook.com/design/topics/global-design.html]
[apistylebook.com/design/topics/governance.html]
[apistylebook.com/design/topics/versioning.html]
[apistylebook.com/design/topics/asynchronicity.html]
[apistylebook.com/design/topics/notifications-server-events.html]
[apistylebook.com/design/topics/collection.html]
[apistylebook.com/design/topics/collection-filtering.html]
[apistylebook.com/design/topics/collection-pagination.html]
[apistylebook.com/design/topics/collection-retrieve.html]
[apistylebook.com/design/topics/collection-sorting.html]
[apistylebook.com/design/topics/data-format.html]
[apistylebook.com/design/topics/data-format-date-time.html]
[apistylebook.com/design/topics/data-internationalization.html]
[apistylebook.com/design/topics/data-format-null.html]
[apistylebook.com/design/topics/data-standards.html]
[apistylebook.com/design/topics/errors.html]
[apistylebook.com/design/topics/http-methods-delete.html]
[apistylebook.com/design/topics/http-methods-alternative.html]
[apistylebook.com/design/topics/http-methods-get.html]
[apistylebook.com/design/topics/http-methods-head.html]
[apistylebook.com/design/topics/http-methods.html]
[apistylebook.com/design/topics/http-methods-options.html]
[apistylebook.com/design/topics/http-methods-patch.html]
[apistylebook.com/design/topics/http-methods-post.html]
[apistylebook.com/design/topics/http-methods-put.html]
[apistylebook.com/design/topics/http-caching.html]
[apistylebook.com/design/topics/http-content-negotiation.html]
[apistylebook.com/design/topics/http-headers.html]
[apistylebook.com/design/topics/http-status.html]
[apistylebook.com/design/topics/http.html]
[apistylebook.com/design/topics/http-status-300.html]
[apistylebook.com/design/topics/http-status-301.html]
[apistylebook.com/design/topics/http-status-302.html]
[apistylebook.com/design/topics/http-status-303.html]
[apistylebook.com/design/topics/http-status-304.html]
[apistylebook.com/design/topics/http-status-307.html]
[apistylebook.com/design/topics/http-status-308.html]
[apistylebook.com/design/topics/http-status-500.html]
[apistylebook.com/design/topics/http-status-501.html]
[apistylebook.com/design/topics/http-status-503.html]
[apistylebook.com/design/topics/http-status-200.html]
[apistylebook.com/design/topics/http-status-201.html]
[apistylebook.com/design/topics/http-status-202.html]
[apistylebook.com/design/topics/http-status-203.html]
[apistylebook.com/design/topics/http-status-204.html]
[apistylebook.com/design/topics/http-status-206.html]
[apistylebook.com/design/topics/http-status-400.html]
[apistylebook.com/design/topics/http-status-401.html]
[apistylebook.com/design/topics/http-status-403.html]
[apistylebook.com/design/topics/http-status-404.html]
[apistylebook.com/design/topics/http-status-405.html]
[apistylebook.com/design/topics/http-status-406.html]
[apistylebook.com/design/topics/http-status-408.html]
[apistylebook.com/design/topics/http-status-409.html]
[apistylebook.com/design/topics/http-status-410.html]
[apistylebook.com/design/topics/http-status-411.html]
[apistylebook.com/design/topics/http-status-412.html]
[apistylebook.com/design/topics/http-status-415.html]
[apistylebook.com/design/topics/http-status-422.html]
[apistylebook.com/design/topics/http-status-423.html]
[apistylebook.com/design/topics/http-status-428.html]
[apistylebook.com/design/topics/http-status-429.html]
[apistylebook.com/design/topics/hypermedia.html]
[apistylebook.com/design/topics/hypermedia-read.html]
[apistylebook.com/design/topics/hypermedia-write.html]
[apistylebook.com/design/topics/api-chaining.html]
[apistylebook.com/design/topics/cors.html]
[apistylebook.com/design/topics/debug-diagnose.html]
[apistylebook.com/design/topics/developer-experience.html]
[apistylebook.com/design/topics/documentation.html]
[apistylebook.com/design/topics/guiding-input.html]
[apistylebook.com/design/topics/performance.html]
[apistylebook.com/design/topics/query-parameter.html]
[apistylebook.com/design/topics/rate-limiting.html]
[apistylebook.com/design/topics/undo.html]
[apistylebook.com/design/topics/naming-case.html]
[apistylebook.com/design/topics/naming-language.html]
[apistylebook.com/design/topics/naming.html]
[apistylebook.com/design/topics/resource-action.html]
[apistylebook.com/design/topics/resource-multiple.html]
[apistylebook.com/design/topics/resource-creation.html]
[apistylebook.com/design/topics/resource-creation-with-id.html]
[apistylebook.com/design/topics/resource-deletion.html]
[apistylebook.com/design/topics/resource-retrieve-dereference.html]
[apistylebook.com/design/topics/resource-id-semantic.html]
[apistylebook.com/design/topics/resource-relationships.html]
[apistylebook.com/design/topics/resource-replacement.html]
[apistylebook.com/design/topics/resource.html]
[apistylebook.com/design/topics/resource-id.html]
[apistylebook.com/design/topics/resource-state.html]
[apistylebook.com/design/topics/resource-retrieve.html]
[apistylebook.com/design/topics/resource-retrieve-partial.html]
[apistylebook.com/design/topics/resource-change-tracking.html]
[apistylebook.com/design/topics/resource-url-format.html]
[apistylebook.com/design/topics/resource-update.html]
[apistylebook.com/design/topics/resource-update-partial.html]
[apistylebook.com/design/topics/security-data.html]
[apistylebook.com/design/topics/security.html]
[apistylebook.com/design/topics/index.html]
[apistylebook.com/js/anchor.min.js]
[apistylebook.com/blog/deliveroo-api-design-styleguide-added-on-the-api-stylebook.html]
[apistylebook.com/blog/google-api-design-guide-added-on-the-api-stylebook.html]
[apistylebook.com/blog/index.html]
[apistylebook.com/about/index.html]
[apistylebook.com/design/topics/http-status-standard-error.html]
[apistylebook.com/blog/the-api-stylebook.html]
[apistylebook.com/media/logos/microsoft.png]
[apistylebook.com/design/guidelines/microsoft-rest-api-guidelines.html]
[apistylebook.com/fonts/glyphicons-halflings-regular.svg]
[apistylebook.com/fonts/fontawesome-webfont5b62.svg]
[apistylebook.com/design/guidelines/italian-public-administration.html]
[apistylebook.com/design/guidelines/atlassian-rest-api-design-guidelines-version-1.html]
[apistylebook.com/design/guidelines/atlassian-rest-api-policy.html]
[apistylebook.com/design/guidelines/ausdto-api-design-guide.html]
[apistylebook.com/design/guidelines/cisco-api-design-guide.html]
[apistylebook.com/design/guidelines/cloud-foundy-cloud-controller-api-style-guide.html]
[apistylebook.com/design/guidelines/deliveroo-api-design-guidelines.html]
[apistylebook.com/design/guidelines/google-api-design-guide.html]
[apistylebook.com/design/guidelines/haufe-api-styleguide.html]
[apistylebook.com/design/guidelines/heroku-http-api-design-guide.html]
[apistylebook.com/design/guidelines/paypal-api-style-guide.html]
[apistylebook.com/design/guidelines/redhat-thoughts-on-restful-api-design.html]
[apistylebook.com/design/guidelines/white-house-web-api-standards.html]
[apistylebook.com/design/guidelines/zalando-restful-api-guidelines.html]
[apistylebook.com/design/guidelines/adidas-api-design-guidelines.html]
[apistylebook.com/design/topics/api-counts.html]
[apistylebook.com/design/topics/global-design.html]
[apistylebook.com/design/topics/governance.html]
[apistylebook.com/design/topics/versioning.html]
[apistylebook.com/design/topics/asynchronicity.html]
[apistylebook.com/design/topics/notifications-server-events.html]
[apistylebook.com/design/topics/collection.html]
[apistylebook.com/design/topics/collection-filtering.html]
[apistylebook.com/design/topics/collection-pagination.html]
[apistylebook.com/design/topics/collection-retrieve.html]
[apistylebook.com/design/topics/collection-sorting.html]
[apistylebook.com/design/topics/data-format.html]
[apistylebook.com/design/topics/data-format-date-time.html]
[apistylebook.com/design/topics/data-internationalization.html]
[apistylebook.com/design/topics/data-format-null.html]
[apistylebook.com/design/topics/data-standards.html]
[apistylebook.com/design/topics/errors.html]
[apistylebook.com/design/topics/http-methods-delete.html]
[apistylebook.com/design/topics/http-methods-alternative.html]
[apistylebook.com/design/topics/http-methods-get.html]
[apistylebook.com/design/topics/http-methods-head.html]
[apistylebook.com/design/topics/http-methods.html]
[apistylebook.com/design/topics/http-methods-options.html]
[apistylebook.com/design/topics/http-methods-patch.html]
[apistylebook.com/design/topics/http-methods-post.html]
[apistylebook.com/design/topics/http-methods-put.html]
[apistylebook.com/design/topics/http-caching.html]
[apistylebook.com/design/topics/http-content-negotiation.html]
[apistylebook.com/design/topics/http-headers.html]
[apistylebook.com/design/topics/http-status.html]
[apistylebook.com/design/topics/http.html]
[apistylebook.com/design/topics/http-status-300.html]
[apistylebook.com/design/topics/http-status-301.html]
[apistylebook.com/design/topics/http-status-302.html]
[apistylebook.com/design/topics/http-status-303.html]
[apistylebook.com/design/topics/http-status-304.html]
[apistylebook.com/design/topics/http-status-307.html]
[apistylebook.com/design/topics/http-status-308.html]
[apistylebook.com/design/topics/http-status-500.html]
[apistylebook.com/design/topics/http-status-501.html]
[apistylebook.com/design/topics/http-status-503.html]
[apistylebook.com/design/topics/http-status-200.html]
[apistylebook.com/design/topics/http-status-201.html]
[apistylebook.com/design/topics/http-status-202.html]
[apistylebook.com/design/topics/http-status-203.html]
[apistylebook.com/design/topics/http-status-204.html]
[apistylebook.com/design/topics/http-status-206.html]
[apistylebook.com/design/topics/http-status-400.html]
[apistylebook.com/design/topics/http-status-401.html]
[apistylebook.com/design/topics/http-status-403.html]
[apistylebook.com/design/topics/http-status-404.html]
[apistylebook.com/design/topics/http-status-405.html]
[apistylebook.com/design/topics/http-status-406.html]
[apistylebook.com/design/topics/http-status-408.html]
[apistylebook.com/design/topics/http-status-409.html]
[apistylebook.com/design/topics/http-status-410.html]
[apistylebook.com/design/topics/http-status-411.html]
[apistylebook.com/design/topics/http-status-412.html]
[apistylebook.com/design/topics/http-status-415.html]
[apistylebook.com/design/topics/http-status-422.html]
[apistylebook.com/design/topics/http-status-423.html]
[apistylebook.com/design/topics/http-status-428.html]
[apistylebook.com/design/topics/http-status-429.html]
[apistylebook.com/design/topics/hypermedia.html]
[apistylebook.com/design/topics/hypermedia-read.html]
[apistylebook.com/design/topics/hypermedia-write.html]
[apistylebook.com/design/topics/api-chaining.html]
[apistylebook.com/design/topics/cors.html]
[apistylebook.com/design/topics/debug-diagnose.html]
[apistylebook.com/design/topics/developer-experience.html]
[apistylebook.com/design/topics/documentation.html]
[apistylebook.com/design/topics/guiding-input.html]
[apistylebook.com/design/topics/performance.html]
[apistylebook.com/design/topics/query-parameter.html]
[apistylebook.com/design/topics/rate-limiting.html]
[apistylebook.com/design/topics/undo.html]
[apistylebook.com/design/topics/naming-case.html]
[apistylebook.com/design/topics/naming-language.html]
[apistylebook.com/design/topics/naming.html]
[apistylebook.com/design/topics/resource-action.html]
[apistylebook.com/design/topics/resource-multiple.html]
[apistylebook.com/design/topics/resource-creation.html]
[apistylebook.com/design/topics/resource-creation-with-id.html]
[apistylebook.com/design/topics/resource-deletion.html]
[apistylebook.com/design/topics/resource-retrieve-dereference.html]
[apistylebook.com/design/topics/resource-id-semantic.html]
[apistylebook.com/design/topics/resource-relationships.html]
[apistylebook.com/design/topics/resource-replacement.html]
[apistylebook.com/design/topics/resource.html]
[apistylebook.com/design/topics/resource-id.html]
[apistylebook.com/design/topics/resource-state.html]
[apistylebook.com/design/topics/resource-retrieve.html]
[apistylebook.com/design/topics/resource-retrieve-partial.html]
[apistylebook.com/design/topics/resource-change-tracking.html]
[apistylebook.com/design/topics/resource-url-format.html]
[apistylebook.com/design/topics/resource-update.html]
[apistylebook.com/design/topics/resource-update-partial.html]
[apistylebook.com/design/topics/security-data.html]
[apistylebook.com/design/topics/security.html]
[apistylebook.com/blog/deliveroo-api-design-styleguide-added-on-the-api-stylebook.html]
[apistylebook.com/blog/google-api-design-guide-added-on-the-api-stylebook.html]
[apistylebook.com/blog/the-api-stylebook.html]
